{"real_python.py": {"mi": 80.78935869861935, "rank": "A"}}
